// Jest Snapshot v1, https://goo.gl/fbAQLP

exports[`renders without crashing 1`] = `null`;

exports[`renders without crashing with open 1`] = `
<div
  className=" modal open"
>
  <div
    className="overlay"
    onClick={[Function]}
  />
  <div
    className="modal-inner"
  >
    <div
      className="modal-content-area"
    />
  </div>
</div>
`;
